------------------------------------------------------------
Timing Analyzer Summary
------------------------------------------------------------

Type  : Slow 1200mV 85C Model Setup 'u3|altpll_0|sd1|pll7|clk[0]'
Slack : 1.817
TNS   : 0.000

Type  : Slow 1200mV 85C Model Setup 'ADC_CLK_10'
Slack : 3.205
TNS   : 0.000

Type  : Slow 1200mV 85C Model Setup 'u3|altpll_0|sd1|pll7|clk[2]'
Slack : 14.936
TNS   : 0.000

Type  : Slow 1200mV 85C Model Setup 'MAX10_CLK1_50'
Slack : 16.332
TNS   : 0.000

Type  : Slow 1200mV 85C Model Setup 'MAX10_CLK2_50'
Slack : 16.619
TNS   : 0.000

Type  : Slow 1200mV 85C Model Setup 'p1|altpll_component|auto_generated|pll1|clk[0]'
Slack : 29.488
TNS   : 0.000

Type  : Slow 1200mV 85C Model Setup 'altera_reserved_tck'
Slack : 37.713
TNS   : 0.000

Type  : Slow 1200mV 85C Model Hold 'ADC_CLK_10'
Slack : 0.195
TNS   : 0.000

Type  : Slow 1200mV 85C Model Hold 'u3|altpll_0|sd1|pll7|clk[0]'
Slack : 0.308
TNS   : 0.000

Type  : Slow 1200mV 85C Model Hold 'u3|altpll_0|sd1|pll7|clk[2]'
Slack : 0.308
TNS   : 0.000

Type  : Slow 1200mV 85C Model Hold 'altera_reserved_tck'
Slack : 0.309
TNS   : 0.000

Type  : Slow 1200mV 85C Model Hold 'MAX10_CLK1_50'
Slack : 0.325
TNS   : 0.000

Type  : Slow 1200mV 85C Model Hold 'p1|altpll_component|auto_generated|pll1|clk[0]'
Slack : 0.327
TNS   : 0.000

Type  : Slow 1200mV 85C Model Hold 'MAX10_CLK2_50'
Slack : 0.343
TNS   : 0.000

Type  : Slow 1200mV 85C Model Recovery 'u3|altpll_0|sd1|pll7|clk[0]'
Slack : 6.346
TNS   : 0.000

Type  : Slow 1200mV 85C Model Recovery 'p1|altpll_component|auto_generated|pll1|clk[0]'
Slack : 12.423
TNS   : 0.000

Type  : Slow 1200mV 85C Model Recovery 'MAX10_CLK1_50'
Slack : 18.052
TNS   : 0.000

Type  : Slow 1200mV 85C Model Recovery 'u3|altpll_0|sd1|pll7|clk[2]'
Slack : 21.064
TNS   : 0.000

Type  : Slow 1200mV 85C Model Recovery 'altera_reserved_tck'
Slack : 47.372
TNS   : 0.000

Type  : Slow 1200mV 85C Model Recovery 'ADC_CLK_10'
Slack : 94.660
TNS   : 0.000

Type  : Slow 1200mV 85C Model Removal 'altera_reserved_tck'
Slack : 0.875
TNS   : 0.000

Type  : Slow 1200mV 85C Model Removal 'MAX10_CLK1_50'
Slack : 0.876
TNS   : 0.000

Type  : Slow 1200mV 85C Model Removal 'ADC_CLK_10'
Slack : 0.889
TNS   : 0.000

Type  : Slow 1200mV 85C Model Removal 'u3|altpll_0|sd1|pll7|clk[0]'
Slack : 2.337
TNS   : 0.000

Type  : Slow 1200mV 85C Model Removal 'u3|altpll_0|sd1|pll7|clk[2]'
Slack : 2.576
TNS   : 0.000

Type  : Slow 1200mV 85C Model Removal 'p1|altpll_component|auto_generated|pll1|clk[0]'
Slack : 4.685
TNS   : 0.000

Type  : Slow 1200mV 85C Model Minimum Pulse Width 'u3|altpll_0|sd1|pll7|clk[0]'
Slack : 4.009
TNS   : 0.000

Type  : Slow 1200mV 85C Model Minimum Pulse Width 'MAX10_CLK1_50'
Slack : 9.580
TNS   : 0.000

Type  : Slow 1200mV 85C Model Minimum Pulse Width 'MAX10_CLK2_50'
Slack : 9.587
TNS   : 0.000

Type  : Slow 1200mV 85C Model Minimum Pulse Width 'u3|altpll_0|sd1|pll7|clk[2]'
Slack : 12.162
TNS   : 0.000

Type  : Slow 1200mV 85C Model Minimum Pulse Width 'p1|altpll_component|auto_generated|pll1|clk[0]'
Slack : 19.686
TNS   : 0.000

Type  : Slow 1200mV 85C Model Minimum Pulse Width 'u3|altpll_1|sd1|pll7|clk[0]'
Slack : 44.375
TNS   : 0.000

Type  : Slow 1200mV 85C Model Minimum Pulse Width 'ADC_CLK_10'
Slack : 49.462
TNS   : 0.000

Type  : Slow 1200mV 85C Model Minimum Pulse Width 'altera_reserved_tck'
Slack : 49.572
TNS   : 0.000

Type  : Slow 1200mV 85C Model Minimum Pulse Width 'u3|onchip_flash_0|altera_onchip_flash_block|ufm_block|osc'
Slack : 90.671
TNS   : 0.000

Type  : Slow 1200mV 0C Model Setup 'u3|altpll_0|sd1|pll7|clk[0]'
Slack : 2.179
TNS   : 0.000

Type  : Slow 1200mV 0C Model Setup 'ADC_CLK_10'
Slack : 3.266
TNS   : 0.000

Type  : Slow 1200mV 0C Model Setup 'u3|altpll_0|sd1|pll7|clk[2]'
Slack : 15.885
TNS   : 0.000

Type  : Slow 1200mV 0C Model Setup 'MAX10_CLK1_50'
Slack : 16.643
TNS   : 0.000

Type  : Slow 1200mV 0C Model Setup 'MAX10_CLK2_50'
Slack : 16.956
TNS   : 0.000

Type  : Slow 1200mV 0C Model Setup 'p1|altpll_component|auto_generated|pll1|clk[0]'
Slack : 30.406
TNS   : 0.000

Type  : Slow 1200mV 0C Model Setup 'altera_reserved_tck'
Slack : 38.887
TNS   : 0.000

Type  : Slow 1200mV 0C Model Hold 'ADC_CLK_10'
Slack : 0.192
TNS   : 0.000

Type  : Slow 1200mV 0C Model Hold 'u3|altpll_0|sd1|pll7|clk[0]'
Slack : 0.279
TNS   : 0.000

Type  : Slow 1200mV 0C Model Hold 'altera_reserved_tck'
Slack : 0.280
TNS   : 0.000

Type  : Slow 1200mV 0C Model Hold 'u3|altpll_0|sd1|pll7|clk[2]'
Slack : 0.280
TNS   : 0.000

Type  : Slow 1200mV 0C Model Hold 'MAX10_CLK1_50'
Slack : 0.295
TNS   : 0.000

Type  : Slow 1200mV 0C Model Hold 'p1|altpll_component|auto_generated|pll1|clk[0]'
Slack : 0.296
TNS   : 0.000

Type  : Slow 1200mV 0C Model Hold 'MAX10_CLK2_50'
Slack : 0.313
TNS   : 0.000

Type  : Slow 1200mV 0C Model Recovery 'u3|altpll_0|sd1|pll7|clk[0]'
Slack : 6.949
TNS   : 0.000

Type  : Slow 1200mV 0C Model Recovery 'p1|altpll_component|auto_generated|pll1|clk[0]'
Slack : 13.609
TNS   : 0.000

Type  : Slow 1200mV 0C Model Recovery 'MAX10_CLK1_50'
Slack : 18.217
TNS   : 0.000

Type  : Slow 1200mV 0C Model Recovery 'u3|altpll_0|sd1|pll7|clk[2]'
Slack : 21.439
TNS   : 0.000

Type  : Slow 1200mV 0C Model Recovery 'altera_reserved_tck'
Slack : 47.632
TNS   : 0.000

Type  : Slow 1200mV 0C Model Recovery 'ADC_CLK_10'
Slack : 95.181
TNS   : 0.000

Type  : Slow 1200mV 0C Model Removal 'MAX10_CLK1_50'
Slack : 0.808
TNS   : 0.000

Type  : Slow 1200mV 0C Model Removal 'altera_reserved_tck'
Slack : 0.808
TNS   : 0.000

Type  : Slow 1200mV 0C Model Removal 'ADC_CLK_10'
Slack : 0.825
TNS   : 0.000

Type  : Slow 1200mV 0C Model Removal 'u3|altpll_0|sd1|pll7|clk[0]'
Slack : 2.156
TNS   : 0.000

Type  : Slow 1200mV 0C Model Removal 'u3|altpll_0|sd1|pll7|clk[2]'
Slack : 2.352
TNS   : 0.000

Type  : Slow 1200mV 0C Model Removal 'p1|altpll_component|auto_generated|pll1|clk[0]'
Slack : 3.829
TNS   : 0.000

Type  : Slow 1200mV 0C Model Minimum Pulse Width 'u3|altpll_0|sd1|pll7|clk[0]'
Slack : 3.947
TNS   : 0.000

Type  : Slow 1200mV 0C Model Minimum Pulse Width 'MAX10_CLK1_50'
Slack : 9.590
TNS   : 0.000

Type  : Slow 1200mV 0C Model Minimum Pulse Width 'MAX10_CLK2_50'
Slack : 9.602
TNS   : 0.000

Type  : Slow 1200mV 0C Model Minimum Pulse Width 'u3|altpll_0|sd1|pll7|clk[2]'
Slack : 12.180
TNS   : 0.000

Type  : Slow 1200mV 0C Model Minimum Pulse Width 'p1|altpll_component|auto_generated|pll1|clk[0]'
Slack : 19.697
TNS   : 0.000

Type  : Slow 1200mV 0C Model Minimum Pulse Width 'u3|altpll_1|sd1|pll7|clk[0]'
Slack : 44.379
TNS   : 0.000

Type  : Slow 1200mV 0C Model Minimum Pulse Width 'ADC_CLK_10'
Slack : 49.474
TNS   : 0.000

Type  : Slow 1200mV 0C Model Minimum Pulse Width 'altera_reserved_tck'
Slack : 49.605
TNS   : 0.000

Type  : Slow 1200mV 0C Model Minimum Pulse Width 'u3|onchip_flash_0|altera_onchip_flash_block|ufm_block|osc'
Slack : 90.670
TNS   : 0.000

Type  : Fast 1200mV 0C Model Setup 'ADC_CLK_10'
Slack : 3.575
TNS   : 0.000

Type  : Fast 1200mV 0C Model Setup 'u3|altpll_0|sd1|pll7|clk[0]'
Slack : 3.792
TNS   : 0.000

Type  : Fast 1200mV 0C Model Setup 'MAX10_CLK1_50'
Slack : 18.260
TNS   : 0.000

Type  : Fast 1200mV 0C Model Setup 'MAX10_CLK2_50'
Slack : 18.350
TNS   : 0.000

Type  : Fast 1200mV 0C Model Setup 'u3|altpll_0|sd1|pll7|clk[2]'
Slack : 19.990
TNS   : 0.000

Type  : Fast 1200mV 0C Model Setup 'p1|altpll_component|auto_generated|pll1|clk[0]'
Slack : 34.681
TNS   : 0.000

Type  : Fast 1200mV 0C Model Setup 'altera_reserved_tck'
Slack : 43.944
TNS   : 0.000

Type  : Fast 1200mV 0C Model Hold 'ADC_CLK_10'
Slack : 0.081
TNS   : 0.000

Type  : Fast 1200mV 0C Model Hold 'altera_reserved_tck'
Slack : 0.141
TNS   : 0.000

Type  : Fast 1200mV 0C Model Hold 'u3|altpll_0|sd1|pll7|clk[0]'
Slack : 0.141
TNS   : 0.000

Type  : Fast 1200mV 0C Model Hold 'u3|altpll_0|sd1|pll7|clk[2]'
Slack : 0.141
TNS   : 0.000

Type  : Fast 1200mV 0C Model Hold 'MAX10_CLK1_50'
Slack : 0.149
TNS   : 0.000

Type  : Fast 1200mV 0C Model Hold 'p1|altpll_component|auto_generated|pll1|clk[0]'
Slack : 0.150
TNS   : 0.000

Type  : Fast 1200mV 0C Model Hold 'MAX10_CLK2_50'
Slack : 0.157
TNS   : 0.000

Type  : Fast 1200mV 0C Model Recovery 'u3|altpll_0|sd1|pll7|clk[0]'
Slack : 9.256
TNS   : 0.000

Type  : Fast 1200mV 0C Model Recovery 'p1|altpll_component|auto_generated|pll1|clk[0]'
Slack : 16.160
TNS   : 0.000

Type  : Fast 1200mV 0C Model Recovery 'MAX10_CLK1_50'
Slack : 19.020
TNS   : 0.000

Type  : Fast 1200mV 0C Model Recovery 'u3|altpll_0|sd1|pll7|clk[2]'
Slack : 22.919
TNS   : 0.000

Type  : Fast 1200mV 0C Model Recovery 'altera_reserved_tck'
Slack : 48.940
TNS   : 0.000

Type  : Fast 1200mV 0C Model Recovery 'ADC_CLK_10'
Slack : 97.177
TNS   : 0.000

Type  : Fast 1200mV 0C Model Removal 'MAX10_CLK1_50'
Slack : 0.405
TNS   : 0.000

Type  : Fast 1200mV 0C Model Removal 'altera_reserved_tck'
Slack : 0.405
TNS   : 0.000

Type  : Fast 1200mV 0C Model Removal 'ADC_CLK_10'
Slack : 0.411
TNS   : 0.000

Type  : Fast 1200mV 0C Model Removal 'u3|altpll_0|sd1|pll7|clk[0]'
Slack : 1.121
TNS   : 0.000

Type  : Fast 1200mV 0C Model Removal 'u3|altpll_0|sd1|pll7|clk[2]'
Slack : 1.352
TNS   : 0.000

Type  : Fast 1200mV 0C Model Removal 'p1|altpll_component|auto_generated|pll1|clk[0]'
Slack : 2.152
TNS   : 0.000

Type  : Fast 1200mV 0C Model Minimum Pulse Width 'u3|altpll_0|sd1|pll7|clk[0]'
Slack : 4.163
TNS   : 0.000

Type  : Fast 1200mV 0C Model Minimum Pulse Width 'MAX10_CLK1_50'
Slack : 9.327
TNS   : 0.000

Type  : Fast 1200mV 0C Model Minimum Pulse Width 'MAX10_CLK2_50'
Slack : 9.331
TNS   : 0.000

Type  : Fast 1200mV 0C Model Minimum Pulse Width 'u3|altpll_0|sd1|pll7|clk[2]'
Slack : 12.214
TNS   : 0.000

Type  : Fast 1200mV 0C Model Minimum Pulse Width 'p1|altpll_component|auto_generated|pll1|clk[0]'
Slack : 19.725
TNS   : 0.000

Type  : Fast 1200mV 0C Model Minimum Pulse Width 'u3|altpll_1|sd1|pll7|clk[0]'
Slack : 44.903
TNS   : 0.000

Type  : Fast 1200mV 0C Model Minimum Pulse Width 'ADC_CLK_10'
Slack : 49.267
TNS   : 0.000

Type  : Fast 1200mV 0C Model Minimum Pulse Width 'altera_reserved_tck'
Slack : 49.413
TNS   : 0.000

Type  : Fast 1200mV 0C Model Minimum Pulse Width 'u3|onchip_flash_0|altera_onchip_flash_block|ufm_block|osc'
Slack : 90.686
TNS   : 0.000

------------------------------------------------------------
